<html>
<body>
<pre>
<h1>µVision Build Log</h1>
<h2>Project:</h2>
C:\Users\student\Documents\210905368\LAB 2\Q1\l2q1.uvproj
Project File Date:  02/08/2023

<h2>Output:</h2>
Build target 'Target 1'
assembling l2q1.s...
l2q1.s(22): warning: A1581W: Added 2 bytes of padding at address 0x1a
linking...
Program Size: Code=76 RO-data=8 RW-data=4 ZI-data=0  
".\l2q1.axf" - 0 Error(s), 1 Warning(s).
</pre>
</body>
</html>
ddress 0x1a
".\l2q1.axf" - 2 Error(s), 1 Warning(s).
Target not created
assembling l2q1.s...
l2q1.s(5): error: A1516E: Bad symbol 'Reset_Handler', not defined or external
l2q1.s(9): error: A1145E: Undefined exported symbol 'Reset_Handler'
l2q1.s(22): warning: A1581W: Added 2 bytes of padding at address 0x1a
"l2q1.s" - 2 Error(s), 1 Warning(s).
