<html>
<body>
<pre>
<h1>µVision Build Log</h1>
<h2>Project:</h2>
C:\Users\student\Documents\MIT-CSE-LABS\SEM 4\ESL\LAB 6\CONFIG\config.uvproj
Project File Date:  03/15/2023

<h2>Output:</h2>
Build target 'Target 1'
compiling LED.c...
LED.c(28): warning:  #1-D: last line of file ends without a newline
  }
LED.c: 1 warning, 0 errors
linking...
Program Size: Code=1380 RO-data=236 RW-data=16 ZI-data=608  
FromELF: creating hex file...
".\config.axf" - 0 Error(s), 1 Warning(s).
</pre>
</body>
</html>
s).
xf" - 0 Error(s), 1 Warning(s).
messages.
".\config.axf" - 1 Error(s), 1 Warning(s).
Target not created
"config.c" - 0 Error(s), 1 Warning(s).
