<html>
<body>
<pre>
<h1>µVision Build Log</h1>
<h2>Project:</h2>
C:\Users\student\Documents\MIT-CSE-LABS\SEM 4\ESL\LAB 6\CONFIG\config.uvproj
Project File Date:  03/15/2023

<h2>Output:</h2>
Build target 'Target 1'
linking...
Program Size: Code=1344 RO-data=240 RW-data=12 ZI-data=612  
FromELF: creating hex file...
".\config.axf" - 0 Error(s), 0 Warning(s).
compiling q2.c...
..\CODES\q2.c(42): warning:  #111-D: statement is unreachable
        return 0;
..\CODES\q2.c(43): warning:  #1-D: last line of file ends without a newline
  }
..\CODES\q2.c: 2 warnings, 0 errors
"..\CODES\q2.c" - 0 Error(s), 2 Warning(s).
:  #111-D: statement is unreachable
        return 0;
..\CODES\q2.c(43): warning:  #1-D: last line of file ends without a newline
  }
..\CODES\q2.c: 2 warnings, 0 errors
"..\CODES\q2.c" - 0 Error(s), 2 Warning(s).
.c" - 0 Error(s), 2 Warning(s).
t a newline
  }
..\CODES\q3.c: 2 warnings, 0 errors
"..\CODES\q3.c" - 0 Error(s), 2 Warning(s).
#1-D: last line of file ends without a newline
  }
..\CODES\q2.c: 3 warnings, 0 errors
"..\CODES\q2.c" - 0 Error(s), 3 Warning(s).
"..\CODES\q2.c" - 0 Error(s), 3 Warning(s).
compiling q2.c...
..\CODES\q2.c(34): warning:  #186-D: pointless comparison of unsigned integer with zero
                        for(i=255;i>=0;i--)
..\CODES\q2.c(42): warning:  #111-D: statement is unreachable
        return 0;
..\CODES\q2.c(43): warning:  #1-D: last line of file ends without a newline
  }
..\CODES\q2.c: 3 warnings, 0 errors
"..\CODES\q2.c" - 0 Error(s), 3 Warning(s).
ES\q2.c(34): warning:  #186-D: pointless comparison of unsigned integer with zero
                        for(i=255;i>=0;i--)
..\CODES\q2.c(42): warning:  #111-D: statement is unreachable
        return 0;
..\CODES\q2.c(43): warning:  #1-D: last line of file ends without a newline
  }
..\CODES\q2.c: 3 warnings, 0 errors
"..\CODES\q2.c" - 0 Error(s), 3 Warning(s).
