ARM Linker, 5.03 [Build 76] [MDK-ARM Lite]

==============================================================================

Section Cross References

    l1q4.o(RESET) refers to l1q4.o(mycode) for Reset_Handler
    l1q4.o(mycode) refers to l1q4.o(mydata) for DST


==============================================================================

Image Symbol Table

    Local Symbols

    Symbol Name                              Value     Ov Type        Size  Object(Section)

    RESET                                    0x00000000   Section        8  l1q4.o(RESET)
    l1q4.s                                   0x00000000   Number         0  l1q4.o ABSOLUTE
    mycode                                   0x00000008   Section       76  l1q4.o(mycode)
    SRC                                      0x00000024   Data          40  l1q4.o(mycode)
    mydata                                   0x10000000   Section        4  l1q4.o(mydata)
    DST                                      0x10000000   Data           4  l1q4.o(mydata)

    Global Symbols

    Symbol Name                              Value     Ov Type        Size  Object(Section)

    BuildAttributes$$THM_ISAv4$P$D$K$B$S$PE$A:L22UL41UL21$X:L11$S22US41US21$IEEE1$IW$USESV6$~STKCKD$USESV7$~SHL$OSPACE$EBA8$STANDARDLIB$PRES8$EABIv2 0x00000000   Number         0  anon$$obj.o ABSOLUTE
    __Vectors                                0x00000000   Data           0  l1q4.o(RESET)
    Reset_Handler                            0x00000009   Thumb Code     0  l1q4.o(mycode)



==============================================================================

Memory Map of the image

  Image Entry point : 0x00000009

  Load Region LR_1 (Base: 0x00000000, Size: 0x00000058, Max: 0xffffffff, ABSOLUTE)

    Execution Region ER_RO (Base: 0x00000000, Size: 0x00000054, Max: 0xffffffff, ABSOLUTE)

    Base Addr    Size         Type   Attr      Idx    E Section Name        Object

    0x00000000   0x00000008   Data   RO            1    RESET               l1q4.o
    0x00000008   0x0000004c   Code   RO            2  * mycode              l1q4.o


    Execution Region ER_RW (Base: 0x10000000, Size: 0x00000004, Max: 0xffffffff, ABSOLUTE)

    Base Addr    Size         Type   Attr      Idx    E Section Name        Object

    0x10000000   0x00000004   Data   RW            3    mydata              l1q4.o


    Execution Region ER_ZI (Base: 0x10000004, Size: 0x00000000, Max: 0xffffffff, ABSOLUTE)

    **** No section assigned to this execution region ****


==============================================================================

Image component sizes


      Code (inc. data)   RO Data    RW Data    ZI Data      Debug   Object Name

        76         48          8          4          0        208   l1q4.o

    ----------------------------------------------------------------------
        76         48          8          4          0        208   Object Totals
         0          0          0          0          0          0   (incl. Generated)
         0          0          0          0          0          0   (incl. Padding)

    ----------------------------------------------------------------------
         0          0          0          0          0          0   Library Totals
         0          0          0          0          0          0   (incl. Padding)

    ----------------------------------------------------------------------

==============================================================================


      Code (inc. data)   RO Data    RW Data    ZI Data      Debug   

        76         48          8          4          0        208   Grand Totals
        76         48          8          4          0        208   ELF Image Totals
        76         48          8          4          0          0   ROM Totals

==============================================================================

    Total RO  Size (Code + RO Data)                   84 (   0.08kB)
    Total RW  Size (RW Data + ZI Data)                 4 (   0.00kB)
    Total ROM Size (Code + RO Data + RW Data)         88 (   0.09kB)

==============================================================================

