<html>
<body>
<pre>
<h1>µVision Build Log</h1>
<h2>Project:</h2>
C:\Users\student\Documents\MIT-CSE-LABS\SEM 4\ESL\LAB1\LAB1.uvproj
Project File Date:  02/01/2023

<h2>Output:</h2>
Build target 'Target 1'
assembling l1q2.s...
Q2\l1q2.s(25): warning: A1447W: Missing END directive at end of file, but found a label named END
linking...
Program Size: Code=32 RO-data=8 RW-data=8 ZI-data=0  
".\LAB1.axf" - 0 Error(s), 1 Warning(s).
</pre>
</body>
</html>
a=0  
".\LAB1.axf" - 0 Error(s), 2 Warning(s).
arget not created
l Reset_Handler multiply defined (by l1q2.o and l1q1.o).
Not enough information to list image symbols.
Not enough information to list the image map.
Finished: 2 information, 0 warning and 2 error messages.
".\LAB1.axf" - 2 Error(s), 2 Warning(s).
Target not created
