<html>
<body>
<pre>
<h1>µVision Build Log</h1>
<h2>Project:</h2>
C:\Users\student\Documents\MIT-CSE-LABS\SEM 4\ESL\LAB 6 - LAB 12\CONFIG\config.uvproj
Project File Date:  03/29/2023

<h2>Output:</h2>
Build target 'Target 1'
compiling q1.c...
..\CODES\LAB 8\lcd.c(85): warning:  #1-D: last line of file ends without a newline
  }
..\CODES\LAB 8\q1.c(19): warning:  #1-D: last line of file ends without a newline
  }
..\CODES\LAB 8\q1.c: 2 warnings, 0 errors
linking...
Program Size: Code=1524 RO-data=236 RW-data=36 ZI-data=612  
FromELF: creating hex file...
".\config.axf" - 0 Error(s), 2 Warning(s).
</pre>
</body>
</html>
rnings, 0 errors
linking...
Program Size: Code=1860 RO-data=236 RW-data=84 ZI-data=612  
FromELF: creating hex file...
".\config.axf" - 0 Error(s), 4 Warning(s).
hout a newline
  }
..\CODES\LAB 8\q4.c(112): warning:  #1-D: last line of file ends without a newline
  }
..\CODES\LAB 8\q4.c: 2 warnings, 0 errors
"..\CODES\LAB 8\q4.c" - 0 Error(s), 2 Warning(s).
line
  }
..\CODES\LAB 8\q4.c: 3 warnings, 0 errors
"..\CODES\LAB 8\q4.c" - 0 Error(s), 3 Warning(s).
\LAB 8\q3.c(89): warning:  #1-D: last line of file ends without a newline
  }
..\CODES\LAB 8\q3.c: 4 warnings, 0 errors
"..\CODES\LAB 8\q3.c" - 0 Error(s), 4 Warning(s).
ile ends without a newline
  }
..\CODES\LAB 8\q4.c(4): warning:  #1295-D: Deprecated declaration scan - give arg types
  void scan();
..\CODES\LAB 8\q4.c(116): warning:  #1-D: last line of file ends without a newline
  }
..\CODES\LAB 8\q4.c: 3 warnings, 0 errors
"..\CODES\LAB 8\q4.c" - 0 Error(s), 3 Warning(s).
ent in block
        unsigned int num;
..\CODES\LAB 8\q2.c(19): error:  #167: argument of type "unsigned int *" is incompatible with parameter of type "unsigned char *"
                        lcd_puts(&num);
..\CODES\LAB 8\q2.c(22): warning:  #1-D: last line of file ends without a newline
  }
..\CODES\LAB 8\q2.c: 2 warnings, 2 errors
"..\CODES\LAB 8\q2.c" - 2 Error(s), 2 Warning(s).
compiling q2.c...
..\CODES\LAB 8\q2.c(84): error:  #268: declaration may not appear after executable statement in block
        unsigned int num;
..\CODES\LAB 8\q2.c(97): warning:  #1-D: last line of file ends without a newline
  }
..\CODES\LAB 8\q2.c: 1 warning, 1 error
"..\CODES\LAB 8\q2.c" - 1 Error(s), 1 Warning(s).
compiling q2.c...
..\CODES\LAB 8\q2.c(97): warning:  #1-D: last line of file ends without a newline
  }
..\CODES\LAB 8\q2.c: 1 warning, 0 errors
"..\CODES\LAB 8\q2.c" - 0 Error(s), 1 Warning(s).
