<html>
<body>
<pre>
<h1>µVision Build Log</h1>
<h2>Project:</h2>
C:\Users\student\Documents\MIT-CSE-LABS\SEM 4\ESL\LAB 6 - LAB 12\CONFIG\config.uvproj
Project File Date:  04/12/2023

<h2>Output:</h2>
Build target 'Target 1'
linking...
Program Size: Code=7448 RO-data=452 RW-data=8 ZI-data=608  
FromELF: creating hex file...
".\config.axf" - 0 Error(s), 0 Warning(s).
</pre>
</body>
</html>
ned char *" is incompatible with parameter of type "char *restrict"
                sprintf(vtg, "ADC4 - %3.2fV", in_vtg);
..\CODES\LAB 9\q2.c(35): warning:  #167-D: argument of type "unsigned char *" is incompatible with parameter of type "char *restrict"
                sprintf(dval4, "%x", adc_temp4);
..\CODES\LAB 9\q2.c(48): warning:  #167-D: argument of type "unsigned char *" is incompatible with parameter of type "char *restrict"
                sprintf(vtg, "ADC5 - %3.2fV", in_vtg);
..\CODES\LAB 9\q2.c(49): warning:  #167-D: argument of type "unsigned char *" is incompatible with parameter of type "char *restrict"
                sprintf(dval5, "%x", adc_temp5);
..\CODES\LAB 9\q2.c(9): warning:  #550-D: variable "dif" was set but never used
        unsigned long int adc_temp4,adc_temp5,dif;
..\CODES\LAB 9\q2.c: 6 warnings, 0 errors
linking...
Program Size: Code=7296 RO-data=452 RW-data=4 ZI-data=612  
FromELF: creating hex file...
".\config.axf" - 0 Error(s), 6 Warning(s).
compiling q2.c...
..\CODES\LAB 9\lcd.c(85): warning:  #1-D: last line of file ends without a newline
  }
..\CODES\LAB 9\q2.c(18): warning:  #167-D: argument of type "unsigned char *" is incompatible with parameter of type "char *restrict"
                sprintf(vtg, "ADC4 - %3.2fV", in_vtg);
..\CODES\LAB 9\q2.c(19): warning:  #167-D: argument of type "unsigned char *" is incompatible with parameter of type "char *restrict"
                sprintf(dval4, "%x", adc_temp4);
..\CODES\LAB 9\q2.c(25): error:  #20: identifier "i" is undefined
                for(i=0; i<2000; i++);
..\CODES\LAB 9\q2.c(39): error:  #20: identifier "adc_temp5" is undefined
                adc_temp5 = LPC_ADC->ADDR5;adc_temp5 >>= 4;
..\CODES\LAB 9\q2.c(42): warning:  #167-D: argument of type "unsigned char *" is incompatible with parameter of type "char *restrict"
                sprintf(vtg, "ADC5 - %3.2fV", in_vtg);
..\CODES\LAB 9\q2.c(43): error:  #20: identifier "dval5" is undefined
                sprintf(dval5, "%x", adc_temp5);
..\CODES\LAB 9\q2.c(49): error:  #20: identifier "i" is undefined
                for(i=0; i<2000; i++);
..\CODES\LAB 9\q2.c(33): warning:  #177-D: variable "adc_temp4" was declared but never referenced
        unsigned long int adc_temp4;
..\CODES\LAB 9\q2.c(82): error:  #20: identifier "adc_temp4" is undefined
                adc_temp4=adc_temp5=0;
..\CODES\LAB 9\q2.c(82): error:  #20: identifier "adc_temp5" is undefined
                adc_temp4=adc_temp5=0;
..\CODES\LAB 9\q2.c(83): error:  #20: identifier "in_vtg" is undefined
                in_vtg=0;
..\CODES\LAB 9\q2.c: 5 warnings, 7 errors
"..\CODES\LAB 9\q2.c" - 7 Error(s), 5 Warning(s).
compiling q2.c...
..\CODES\LAB 9\lcd.c(85): warning:  #1-D: last line of file ends without a newline
  }
..\CODES\LAB 9\q2.c(20): warning:  #167-D: argument of type "unsigned char *" is incompatible with parameter of type "char *restrict"
                sprintf(vtg, "ADC4 - %3.2fV", in_vtg);
..\CODES\LAB 9\q2.c(21): warning:  #167-D: argument of type "unsigned char *" is incompatible with parameter of type "char *restrict"
                sprintf(dval4, "%x", adc_temp4);
..\CODES\LAB 9\q2.c(41): error:  #20: identifier "adc_temp5" is undefined
                adc_temp5 = LPC_ADC->ADDR5;adc_temp5 >>= 4;
..\CODES\LAB 9\q2.c(44): warning:  #167-D: argument of type "unsigned char *" is incompatible with parameter of type "char *restrict"
                sprintf(vtg, "ADC5 - %3.2fV", in_vtg);
..\CODES\LAB 9\q2.c(45): error:  #20: identifier "dval5" is undefined
                sprintf(dval5, "%x", adc_temp5);
..\CODES\LAB 9\q2.c(35): warning:  #177-D: variable "adc_temp4" was declared but never referenced
        unsigned long int adc_temp4;
..\CODES\LAB 9\q2.c(83): error:  #20: identifier "adc_temp4" is undefined
                adc_temp4=adc_temp5=0;
..\CODES\LAB 9\q2.c(83): error:  #20: identifier "adc_temp5" is undefined
                adc_temp4=adc_temp5=0;
..\CODES\LAB 9\q2.c(84): error:  #20: identifier "in_vtg" is undefined
                in_vtg=0;
..\CODES\LAB 9\q2.c: 5 warnings, 5 errors
"..\CODES\LAB 9\q2.c" - 5 Error(s), 5 Warning(s).
compiling q2.c...
..\CODES\LAB 9\lcd.c(85): warning:  #1-D: last line of file ends without a newline
  }
..\CODES\LAB 9\q2.c(20): warning:  #167-D: argument of type "unsigned char *" is incompatible with parameter of type "char *restrict"
                sprintf(vtg, "ADC4 - %3.2fV", in_vtg);
..\CODES\LAB 9\q2.c(21): warning:  #167-D: argument of type "unsigned char *" is incompatible with parameter of type "char *restrict"
                sprintf(dval4, "%x", adc_temp4);
..\CODES\LAB 9\q2.c(41): error:  #20: identifier "adc_temp5" is undefined
                adc_temp5 = LPC_ADC->ADDR5;adc_temp5 >>= 4;
..\CODES\LAB 9\q2.c(44): warning:  #167-D: argument of type "unsigned char *" is incompatible with parameter of type "char *restrict"
                sprintf(vtg, "ADC5 - %3.2fV", in_vtg);
..\CODES\LAB 9\q2.c(45): error:  #20: identifier "dval5" is undefined
                sprintf(dval5, "%x", adc_temp5);
..\CODES\LAB 9\q2.c(35): warning:  #177-D: variable "adc_temp4" was declared but never referenced
        unsigned long int adc_temp4;
..\CODES\LAB 9\q2.c: 5 warnings, 2 errors
"..\CODES\LAB 9\q2.c" - 2 Error(s), 5 Warning(s).
compiling q2.c...
..\CODES\LAB 9\lcd.c(85): warning:  #1-D: last line of file ends without a newline
  }
..\CODES\LAB 9\q2.c(20): warning:  #167-D: argument of type "unsigned char *" is incompatible with parameter of type "char *restrict"
                sprintf(vtg, "ADC4 - %3.2fV", in_vtg);
..\CODES\LAB 9\q2.c(21): warning:  #167-D: argument of type "unsigned char *" is incompatible with parameter of type "char *restrict"
                sprintf(dval4, "%x", adc_temp4);
..\CODES\LAB 9\q2.c(41): error:  #20: identifier "adc_temp5" is undefined
                adc_temp5 = LPC_ADC->ADDR5;adc_temp5 >>= 4;
..\CODES\LAB 9\q2.c(44): warning:  #167-D: argument of type "unsigned char *" is incompatible with parameter of type "char *restrict"
                sprintf(vtg, "ADC5 - %3.2fV", in_vtg);
..\CODES\LAB 9\q2.c(45): warning:  #167-D: argument of type "unsigned char *" is incompatible with parameter of type "char *restrict"
                sprintf(dval5, "%x", adc_temp5);
..\CODES\LAB 9\q2.c(35): warning:  #177-D: variable "adc_temp4" was declared but never referenced
        unsigned long int adc_temp4;
..\CODES\LAB 9\q2.c: 6 warnings, 1 error
"..\CODES\LAB 9\q2.c" - 1 Error(s), 6 Warning(s).
compiling q2.c...
..\CODES\LAB 9\lcd.c(85): warning:  #1-D: last line of file ends without a newline
  }
..\CODES\LAB 9\q2.c(20): warning:  #167-D: argument of type "unsigned char *" is incompatible with parameter of type "char *restrict"
                sprintf(vtg, "ADC4 - %3.2fV", in_vtg);
..\CODES\LAB 9\q2.c(21): warning:  #167-D: argument of type "unsigned char *" is incompatible with parameter of type "char *restrict"
                sprintf(dval4, "%x", adc_temp4);
..\CODES\LAB 9\q2.c(41): error:  #20: identifier "adc_temp5" is undefined
                adc_temp5 = LPC_ADC->ADDR5;adc_temp5 >>= 4;
..\CODES\LAB 9\q2.c(44): warning:  #167-D: argument of type "unsigned char *" is incompatible with parameter of type "char *restrict"
                sprintf(vtg, "ADC5 - %3.2fV", in_vtg);
..\CODES\LAB 9\q2.c(45): warning:  #167-D: argument of type "unsigned char *" is incompatible with parameter of type "char *restrict"
                sprintf(dval5, "%x", adc_temp5);
..\CODES\LAB 9\q2.c(35): warning:  #177-D: variable "adc_temp4" was declared but never referenced
        unsigned long int adc_temp4;
..\CODES\LAB 9\q2.c: 6 warnings, 1 error
"..\CODES\LAB 9\q2.c" - 1 Error(s), 6 Warning(s).
compiling q2.c...
..\CODES\LAB 9\lcd.c(85): warning:  #1-D: last line of file ends without a newline
  }
..\CODES\LAB 9\q2.c(20): warning:  #167-D: argument of type "unsigned char *" is incompatible with parameter of type "char *restrict"
                sprintf(vtg, "ADC4 - %3.2fV", in_vtg);
..\CODES\LAB 9\q2.c(21): warning:  #167-D: argument of type "unsigned char *" is incompatible with parameter of type "char *restrict"
                sprintf(dval4, "%x", adc_temp4);
..\CODES\LAB 9\q2.c(44): warning:  #167-D: argument of type "unsigned char *" is incompatible with parameter of type "char *restrict"
                sprintf(vtg, "ADC5 - %3.2fV", in_vtg);
..\CODES\LAB 9\q2.c(45): warning:  #167-D: argument of type "unsigned char *" is incompatible with parameter of type "char *restrict"
                sprintf(dval5, "%x", adc_temp5);
..\CODES\LAB 9\q2.c: 5 warnings, 0 errors
"..\CODES\LAB 9\q2.c" - 0 Error(s), 5 Warning(s).
