<html>
<body>
<pre>
<h1>µVision Build Log</h1>
<h2>Project:</h2>
C:\Users\student\Documents\MIT-CSE-LABS\SEM 4\ESL\LAB 6 - LAB 12\CONFIG\config.uvproj
Project File Date:  03/29/2023

<h2>Output:</h2>
Build target 'Target 1'
linking...
Program Size: Code=1576 RO-data=236 RW-data=52 ZI-data=612  
FromELF: creating hex file...
".\config.axf" - 0 Error(s), 0 Warning(s).
3]--)
..\CODES\LAB 7\q3.c(18): warning:  #186-D: pointless comparison of unsigned integer with zero
                        for(dig[2]=9;dig[2]>=0;dig[2]--)
..\CODES\LAB 7\q3.c(20): warning:  #186-D: pointless comparison of unsigned integer with zero
                        for(dig[1]=9;dig[1]>=0;dig[1]--)
..\CODES\LAB 7\q3.c(22): warning:  #186-D: pointless comparison of unsigned integer with zero
                        for(dig[0]=9;dig[0]>=0;dig[0]--)
..\CODES\LAB 7\q3.c(82): warning:  #111-D: statement is unreachable
        return 0;
..\CODES\LAB 7\q3.c(83): warning:  #1-D: last line of file ends without a newline
  }
..\CODES\LAB 7\q3.c: 6 warnings, 0 errors
linking...
Program Size: Code=1572 RO-data=236 RW-data=52 ZI-data=612  
FromELF: creating hex file...
".\config.axf" - 0 Error(s), 6 Warning(s).
compiling q3.c...
..\CODES\LAB 7\q3.c(16): warning:  #186-D: pointless comparison of unsigned integer with zero
        for(dig[3]=9;dig[3]>=0;dig[3]--)
..\CODES\LAB 7\q3.c(18): warning:  #186-D: pointless comparison of unsigned integer with zero
                        for(dig[2]=9;dig[2]>=0;dig[2]--)
..\CODES\LAB 7\q3.c(20): warning:  #186-D: pointless comparison of unsigned integer with zero
                        for(dig[1]=9;dig[1]>=0;dig[1]--)
..\CODES\LAB 7\q3.c(22): warning:  #186-D: pointless comparison of unsigned integer with zero
                        for(dig[0]=9;dig[0]>=0;dig[0]--)
..\CODES\LAB 7\q3.c(82): warning:  #111-D: statement is unreachable
        return 0;
..\CODES\LAB 7\q3.c(83): warning:  #1-D: last line of file ends without a newline
  }
..\CODES\LAB 7\q3.c: 6 warnings, 0 errors
"..\CODES\LAB 7\q3.c" - 0 Error(s), 6 Warning(s).
compiling q3.c...
..\CODES\LAB 7\q3.c(16): warning:  #186-D: pointless comparison of unsigned integer with zero
        for(dig[3]=9;dig[3]>=0;dig[3]--)
..\CODES\LAB 7\q3.c(18): warning:  #186-D: pointless comparison of unsigned integer with zero
                        for(dig[2]=9;dig[2]>=0;dig[2]--)
..\CODES\LAB 7\q3.c(20): warning:  #186-D: pointless comparison of unsigned integer with zero
                        for(dig[1]=9;dig[1]>=0;dig[1]--)
..\CODES\LAB 7\q3.c(22): warning:  #186-D: pointless comparison of unsigned integer with zero
                        for(dig[0]=9;dig[0]>=0;dig[0]--)
..\CODES\LAB 7\q3.c(82): warning:  #111-D: statement is unreachable
        return 0;
..\CODES\LAB 7\q3.c(83): warning:  #1-D: last line of file ends without a newline
  }
..\CODES\LAB 7\q3.c: 6 warnings, 0 errors
"..\CODES\LAB 7\q3.c" - 0 Error(s), 6 Warning(s).
