<html>
<body>
<pre>
<h1>µVision Build Log</h1>
<h2>Project:</h2>
C:\Users\student\Documents\210905368\LAB 1\Q1\l1q1.uvproj
Project File Date:  02/08/2023

<h2>Output:</h2>
Build target 'Target 1'
assembling l1q1.s...
l1q1.s(16): warning: A1581W: Added 2 bytes of padding at address 0xa
linking...
Program Size: Code=16 RO-data=8 RW-data=4 ZI-data=0  
".\l1q1.axf" - 0 Error(s), 1 Warning(s).
</pre>
</body>
</html>
ta=8 RW-data=4 ZI-data=0  
".\l1q1.axf" - 0 Error(s), 2 Warning(s).
