


ARM Macro Assembler    Page 1 


    1 00000000                 AREA             RESET,DATA,READONLY
    2 00000000                 EXPORT           __Vectors
    3 00000000         __Vectors
    4 00000000 10001000        DCD              0x10001000
    5 00000004 00000000        DCD              Reset_Handler
    6 00000008                 ALIGN
    7 00000008                 AREA             mycode,CODE,READONLY
    8 00000000                 ENTRY
    9 00000000                 EXPORT           Reset_Handler
   10 00000000         Reset_Handler
   11 00000000 4811            LDR              R0,=SRC1
   12 00000002 4912            LDR              R1,=SRC2
   13 00000004 4E12            LDR              R6,=DST
   14 00000006 F04F 0204       MOV              R2,#4
   15 0000000A F04F 0300       MOV              R3,#0
   16 0000000E F850 4B04 
                       UP      LDR              R4,[R0],#4
   17 00000012 F851 5B04       LDR              R5,[R1],#4
   18 00000016 18E7            ADDS             R7,R4,R3
   19 00000018 197F            ADDS             R7,R7,R5
   20 0000001A F143 0300       ADC              R3,#0
   21 0000001E F846 7B04       STR              R7,[R6],#4
   22 00000022 3A01            SUBS             R2,#1
   23 00000024 D1F3            BNE              UP
   24 00000026         STOP
   25 00000026 E7FE            B                STOP
   26 00000028 00000004 
              00000003 
              00000002 
              00000001 SRC1    DCD              4,3,2,1
   27 00000038 00000001 
              00000002 
              00000003 
              00000004 SRC2    DCD              1,2,3,4
   28 00000048 00000000 
              00000000 
              00000000         AREA             mydata,DATA,READWRITE
   29 00000000 00000000 
                       DST     DCD              0
   30 00000004                 END
Command Line: --debug --xref --cpu=Cortex-M3 --apcs=interwork --depend=.\l2q2.d
 -o.\l2q2.o -IC:\Keil\ARM\RV31\INC -IC:\Keil\ARM\CMSIS\Include -IC:\Keil\ARM\In
c\NXP\LPC17xx --predefine="__EVAL SETA 1" --list=.\l2q2.lst l2q2.s



ARM Macro Assembler    Page 1 Alphabetic symbol ordering
Relocatable symbols

RESET 00000000

Symbol: RESET
   Definitions
      At line 1 in file l2q2.s
   Uses
      None
Comment: RESET unused
__Vectors 00000000

Symbol: __Vectors
   Definitions
      At line 3 in file l2q2.s
   Uses
      At line 2 in file l2q2.s
Comment: __Vectors used once
2 symbols



ARM Macro Assembler    Page 1 Alphabetic symbol ordering
Relocatable symbols

Reset_Handler 00000000

Symbol: Reset_Handler
   Definitions
      At line 10 in file l2q2.s
   Uses
      At line 5 in file l2q2.s
      At line 9 in file l2q2.s

SRC1 00000028

Symbol: SRC1
   Definitions
      At line 26 in file l2q2.s
   Uses
      At line 11 in file l2q2.s
Comment: SRC1 used once
SRC2 00000038

Symbol: SRC2
   Definitions
      At line 27 in file l2q2.s
   Uses
      At line 12 in file l2q2.s
Comment: SRC2 used once
STOP 00000026

Symbol: STOP
   Definitions
      At line 24 in file l2q2.s
   Uses
      At line 25 in file l2q2.s
Comment: STOP used once
UP 0000000E

Symbol: UP
   Definitions
      At line 16 in file l2q2.s
   Uses
      At line 23 in file l2q2.s
Comment: UP used once
mycode 00000000

Symbol: mycode
   Definitions
      At line 7 in file l2q2.s
   Uses
      None
Comment: mycode unused
6 symbols



ARM Macro Assembler    Page 1 Alphabetic symbol ordering
Relocatable symbols

DST 00000000

Symbol: DST
   Definitions
      At line 29 in file l2q2.s
   Uses
      At line 13 in file l2q2.s
Comment: DST used once
mydata 00000000

Symbol: mydata
   Definitions
      At line 28 in file l2q2.s
   Uses
      None
Comment: mydata unused
2 symbols
343 symbols in table
