<html>
<body>
<pre>
<h1>µVision Build Log</h1>
<h2>Project:</h2>
C:\Users\student\Documents\210905368\LAB 1\Q3\l1q3.uvproj
Project File Date:  02/08/2023

<h2>Output:</h2>
Build target 'Target 1'
assembling l1q3.s...
l1q3.s(20): warning: A1581W: Added 2 bytes of padding at address 0x16
linking...
Program Size: Code=72 RO-data=8 RW-data=4 ZI-data=0  
".\l1q3.axf" - 0 Error(s), 1 Warning(s).
</pre>
</body>
</html>
: 2 information, 0 warning and 1 error messages.
".\l1q3.axf" - 1 Error(s), 0 Warning(s).
Target not created
